---
source: tests/mcp_scenarios.rs
expression: execution.response
---
{
  "incomplete": false,
  "results": [
    {
      "context": "package org.example; public class Foo { int scoped = 2; }",
      "entry": "org/example/Foo.java",
      "line": 1,
      "source_jar": {
        "artifact_id": "helper",
        "class_count": 0,
        "classifier": "sources",
        "coordinate": "org.libs:helper:2.0:sources",
        "entry_count": 1,
        "group_id": "org.libs",
        "path": "org/libs/helper/2.0/helper-2.0-sources.jar",
        "version": "2.0"
      },
      "truncated": false
    }
  ],
  "scanned_bytes": 57
}
